// Jest Snapshot v1, https://goo.gl/fbAQLP

exports[`repo card test suite should match the snapshot 1`] = `
Object {
  "asFragment": [Function],
  "baseElement": <body>
    <div>
      <div
        class="css-1xexys8"
      >
        <div
          class="css-1k5ovvj"
          data-testid="repo-card"
          elevation="2"
        >
          <div
            class="css-l3rx45"
          >
            <div
              class="css-19mood2"
            >
              <a
                class="css-1r0izxd"
                href="/"
                target="_blank"
              >
                full name
              </a>
            </div>
            <div
              class="css-1cc7kk0"
            >
              <div>
                <p
                  class="css-8rkuw"
                >
                  Description
                </p>
                <div
                  class="css-1nemtvz"
                >
                  awesome repo
                </div>
              </div>
            </div>
          </div>
          <div
            class="css-8m3gtl"
          >
            <div>
              <p
                class="css-8rkuw"
              >
                Stars: 
                <span
                  class="css-mhms3j"
                >
                   10
                </span>
              </p>
            </div>
            <div>
              <a
                class="css-1r0izxd"
                href="/"
              >
                Author: 
                <span
                  class="css-mhms3j"
                >
                   noubar
                </span>
              </a>
            </div>
          </div>
          <div
            class="css-1fj1bi0"
          >
            <div
              class="css-p6s3br"
              data-testid="language-badge"
            >
              javascript
            </div>
          </div>
        </div>
        <div
          class="css-1k5ovvj"
          data-testid="repo-card"
          elevation="2"
        >
          <div
            class="css-l3rx45"
          >
            <div
              class="css-19mood2"
            >
              <a
                class="css-1r0izxd"
                href="/"
                target="_blank"
              >
                full name
              </a>
            </div>
            <div
              class="css-1cc7kk0"
            >
              <div>
                <p
                  class="css-8rkuw"
                >
                  Description
                </p>
                <div
                  class="css-1nemtvz"
                >
                  awesome repo
                </div>
              </div>
            </div>
          </div>
          <div
            class="css-8m3gtl"
          >
            <div>
              <p
                class="css-8rkuw"
              >
                Stars: 
                <span
                  class="css-mhms3j"
                >
                   10
                </span>
              </p>
            </div>
            <div>
              <a
                class="css-1r0izxd"
                href="/"
              >
                Author: 
                <span
                  class="css-mhms3j"
                >
                   noubar
                </span>
              </a>
            </div>
          </div>
          <div
            class="css-1fj1bi0"
          >
            <div
              class="css-p6s3br"
              data-testid="language-badge"
            >
              javascript
            </div>
          </div>
        </div>
        <div
          class="css-1k5ovvj"
          data-testid="repo-card"
          elevation="2"
        >
          <div
            class="css-l3rx45"
          >
            <div
              class="css-19mood2"
            >
              <a
                class="css-1r0izxd"
                href="/"
                target="_blank"
              >
                full name
              </a>
            </div>
            <div
              class="css-1cc7kk0"
            >
              <div>
                <p
                  class="css-8rkuw"
                >
                  Description
                </p>
                <div
                  class="css-1nemtvz"
                >
                  awesome repo
                </div>
              </div>
            </div>
          </div>
          <div
            class="css-8m3gtl"
          >
            <div>
              <p
                class="css-8rkuw"
              >
                Stars: 
                <span
                  class="css-mhms3j"
                >
                   10
                </span>
              </p>
            </div>
            <div>
              <a
                class="css-1r0izxd"
                href="/"
              >
                Author: 
                <span
                  class="css-mhms3j"
                >
                   noubar
                </span>
              </a>
            </div>
          </div>
          <div
            class="css-1fj1bi0"
          />
        </div>
      </div>
    </div>
  </body>,
  "container": <div>
    <div
      class="css-1xexys8"
    >
      <div
        class="css-1k5ovvj"
        data-testid="repo-card"
        elevation="2"
      >
        <div
          class="css-l3rx45"
        >
          <div
            class="css-19mood2"
          >
            <a
              class="css-1r0izxd"
              href="/"
              target="_blank"
            >
              full name
            </a>
          </div>
          <div
            class="css-1cc7kk0"
          >
            <div>
              <p
                class="css-8rkuw"
              >
                Description
              </p>
              <div
                class="css-1nemtvz"
              >
                awesome repo
              </div>
            </div>
          </div>
        </div>
        <div
          class="css-8m3gtl"
        >
          <div>
            <p
              class="css-8rkuw"
            >
              Stars: 
              <span
                class="css-mhms3j"
              >
                 10
              </span>
            </p>
          </div>
          <div>
            <a
              class="css-1r0izxd"
              href="/"
            >
              Author: 
              <span
                class="css-mhms3j"
              >
                 noubar
              </span>
            </a>
          </div>
        </div>
        <div
          class="css-1fj1bi0"
        >
          <div
            class="css-p6s3br"
            data-testid="language-badge"
          >
            javascript
          </div>
        </div>
      </div>
      <div
        class="css-1k5ovvj"
        data-testid="repo-card"
        elevation="2"
      >
        <div
          class="css-l3rx45"
        >
          <div
            class="css-19mood2"
          >
            <a
              class="css-1r0izxd"
              href="/"
              target="_blank"
            >
              full name
            </a>
          </div>
          <div
            class="css-1cc7kk0"
          >
            <div>
              <p
                class="css-8rkuw"
              >
                Description
              </p>
              <div
                class="css-1nemtvz"
              >
                awesome repo
              </div>
            </div>
          </div>
        </div>
        <div
          class="css-8m3gtl"
        >
          <div>
            <p
              class="css-8rkuw"
            >
              Stars: 
              <span
                class="css-mhms3j"
              >
                 10
              </span>
            </p>
          </div>
          <div>
            <a
              class="css-1r0izxd"
              href="/"
            >
              Author: 
              <span
                class="css-mhms3j"
              >
                 noubar
              </span>
            </a>
          </div>
        </div>
        <div
          class="css-1fj1bi0"
        >
          <div
            class="css-p6s3br"
            data-testid="language-badge"
          >
            javascript
          </div>
        </div>
      </div>
      <div
        class="css-1k5ovvj"
        data-testid="repo-card"
        elevation="2"
      >
        <div
          class="css-l3rx45"
        >
          <div
            class="css-19mood2"
          >
            <a
              class="css-1r0izxd"
              href="/"
              target="_blank"
            >
              full name
            </a>
          </div>
          <div
            class="css-1cc7kk0"
          >
            <div>
              <p
                class="css-8rkuw"
              >
                Description
              </p>
              <div
                class="css-1nemtvz"
              >
                awesome repo
              </div>
            </div>
          </div>
        </div>
        <div
          class="css-8m3gtl"
        >
          <div>
            <p
              class="css-8rkuw"
            >
              Stars: 
              <span
                class="css-mhms3j"
              >
                 10
              </span>
            </p>
          </div>
          <div>
            <a
              class="css-1r0izxd"
              href="/"
            >
              Author: 
              <span
                class="css-mhms3j"
              >
                 noubar
              </span>
            </a>
          </div>
        </div>
        <div
          class="css-1fj1bi0"
        />
      </div>
    </div>
  </div>,
  "debug": [Function],
  "findAllByAltText": [Function],
  "findAllByDisplayValue": [Function],
  "findAllByLabelText": [Function],
  "findAllByPlaceholderText": [Function],
  "findAllByRole": [Function],
  "findAllByTestId": [Function],
  "findAllByText": [Function],
  "findAllByTitle": [Function],
  "findByAltText": [Function],
  "findByDisplayValue": [Function],
  "findByLabelText": [Function],
  "findByPlaceholderText": [Function],
  "findByRole": [Function],
  "findByTestId": [Function],
  "findByText": [Function],
  "findByTitle": [Function],
  "getAllByAltText": [Function],
  "getAllByDisplayValue": [Function],
  "getAllByLabelText": [Function],
  "getAllByPlaceholderText": [Function],
  "getAllByRole": [Function],
  "getAllByTestId": [Function],
  "getAllByText": [Function],
  "getAllByTitle": [Function],
  "getByAltText": [Function],
  "getByDisplayValue": [Function],
  "getByLabelText": [Function],
  "getByPlaceholderText": [Function],
  "getByRole": [Function],
  "getByTestId": [Function],
  "getByText": [Function],
  "getByTitle": [Function],
  "queryAllByAltText": [Function],
  "queryAllByDisplayValue": [Function],
  "queryAllByLabelText": [Function],
  "queryAllByPlaceholderText": [Function],
  "queryAllByRole": [Function],
  "queryAllByTestId": [Function],
  "queryAllByText": [Function],
  "queryAllByTitle": [Function],
  "queryByAltText": [Function],
  "queryByDisplayValue": [Function],
  "queryByLabelText": [Function],
  "queryByPlaceholderText": [Function],
  "queryByRole": [Function],
  "queryByTestId": [Function],
  "queryByText": [Function],
  "queryByTitle": [Function],
  "rerender": [Function],
  "unmount": [Function],
}
`;
